###############################################################################
#
# IAR ELF Linker V8.40.2.214/W32 for ARM                  05/Mar/2021  21:26:20
# Copyright 2007-2019 IAR Systems AB.
#
#    Output file  =
#        C:\Users\kadyr\Desktop\Robert\Cpecialno dlyf
#        IAR\Usart\Debug\Exe\ContiniousADC.out
#    Map file     =
#        C:\Users\kadyr\Desktop\Robert\Cpecialno dlyf
#        IAR\Usart\Debug\List\ContiniousADC.map
#    Command line =
#        -f C:\Users\kadyr\AppData\Local\Temp\EW83EC.tmp
#        ("C:\Users\kadyr\Desktop\Robert\Cpecialno dlyf
#        IAR\Usart\Debug\Obj\main.o" "C:\Users\kadyr\Desktop\Robert\Cpecialno
#        dlyf IAR\Usart\Debug\Obj\startupF411RE.o" --no_out_extension -o
#        "C:\Users\kadyr\Desktop\Robert\Cpecialno dlyf
#        IAR\Usart\Debug\Exe\ContiniousADC.out" --redirect
#        _Printf=_PrintfFullNoMb --redirect _Scanf=_ScanfFullNoMb --map
#        "C:\Users\kadyr\Desktop\Robert\Cpecialno dlyf
#        IAR\Usart\Debug\List\ContiniousADC.map" --config "D:\Проги для
#        учебы\arm\config\linker\ST\stm32f411xE.icf" --semihosting --entry
#        __iar_program_start --vfe --text_out locale)
#
###############################################################################

*******************************************************************************
*** RUNTIME MODEL ATTRIBUTES
***

CppFlavor        = *
__CPP_Exceptions = Disabled
__CPP_Language   = C++14
__Heap_Handler   = Basic
__SystemLibrary  = DLib
__dlib_version   = 6


*******************************************************************************
*** HEAP SELECTION
***

The basic heap was selected because no calls to memory allocation
functions were found in the application outside of system library
functions, and there are calls to deallocation functions in the
application.


*******************************************************************************
*** PLACEMENT SUMMARY
***

"A0":  place at address 0x800'0000 { ro section .intvec };
"P1":  place in [from 0x800'0000 to 0x807'ffff] { ro };
define block CSTACK with size = 8K, alignment = 8 { };
define block HEAP with size = 8K, alignment = 8 { };
"P2":  place in [from 0x2000'0000 to 0x2001'ffff] {
          rw, block CSTACK, block HEAP };

No sections matched the following patterns:

  rw  in "P2"


  Section   Kind         Address    Size  Object
  -------   ----         -------    ----  ------
"A0":                              0x198
  .intvec   const     0x800'0000   0x198  startupF411RE.o [1]
                    - 0x800'0198   0x198

"P1":                              0x428
  .text     ro code   0x800'0198    0xe8  main.o [1]
  .text     ro code   0x800'0280    0x10  main.o [1]
  .text     ro code   0x800'0290    0x10  main.o [1]
  .text     ro code   0x800'02a0    0x14  main.o [1]
  .text     ro code   0x800'02b4    0x1c  main.o [1]
  .text     ro code   0x800'02d0    0x10  main.o [1]
  .text     ro code   0x800'02e0    0x10  main.o [1]
  .text     ro code   0x800'02f0    0x10  main.o [1]
  .text     ro code   0x800'0300    0x14  main.o [1]
  .text     ro code   0x800'0314    0x14  main.o [1]
  .text     ro code   0x800'0328    0x14  main.o [1]
  .text     ro code   0x800'033c    0x14  main.o [1]
  .text     ro code   0x800'0350    0x10  main.o [1]
  .text     ro code   0x800'0360    0x10  main.o [1]
  .text     ro code   0x800'0370    0x14  main.o [1]
  .text     ro code   0x800'0384    0x14  main.o [1]
  .text     ro code   0x800'0398    0x10  main.o [1]
  .text     ro code   0x800'03a8    0x10  main.o [1]
  .text     ro code   0x800'03b8    0x10  main.o [1]
  .text     ro code   0x800'03c8    0x10  main.o [1]
  .text     ro code   0x800'03d8    0x10  main.o [1]
  .text     ro code   0x800'03e8    0x10  main.o [1]
  .text     ro code   0x800'03f8     0xc  main.o [1]
  .text     ro code   0x800'0404    0x10  main.o [1]
  .text     ro code   0x800'0414    0x10  main.o [1]
  .text     ro code   0x800'0424    0x10  main.o [1]
  .text     ro code   0x800'0434    0x10  main.o [1]
  .text     ro code   0x800'0444    0x10  main.o [1]
  .text     ro code   0x800'0454    0x10  main.o [1]
  .text     ro code   0x800'0464    0x14  main.o [1]
  .text     ro code   0x800'0478    0x14  main.o [1]
  .text     ro code   0x800'048c    0x10  main.o [1]
  .text     ro code   0x800'049c    0x10  main.o [1]
  .text     ro code   0x800'04ac    0x14  main.o [1]
  .text     ro code   0x800'04c0    0x10  main.o [1]
  .text     ro code   0x800'04d0    0x56  ABImemcpy_unaligned.o [5]
  .rodata   const     0x800'0526     0x1  unwind_debug.o [6]
  .text     ro code   0x800'0528     0xc  main.o [1]
  .text     ro code   0x800'0534    0x22  fpinit_M.o [4]
  .text     ro code   0x800'0558    0x1e  cmain.o [5]
  .text     ro code   0x800'0576     0x4  exit.o [2]
  .text     ro code   0x800'057c     0xa  cexit.o [5]
  .text     ro code   0x800'0588    0x14  exit.o [6]
  .text     ro code   0x800'059c    0x12  startupF411RE.o [1]
  .rodata   const     0x800'05b0    0x10  main.o [1]
                    - 0x800'05c0   0x428

"P2":                             0x2000
  CSTACK             0x2000'0000  0x2000  <Block>
    CSTACK  uninit   0x2000'0000  0x2000  <Block tail>
                   - 0x2000'2000  0x2000

Unused ranges:

         From           To      Size
         ----           --      ----
   0x800'05c0   0x807'ffff  0x7'fa40
  0x2000'2000  0x2001'ffff  0x1'e000



*******************************************************************************
*** MODULE SUMMARY
***

    Module                 ro code  ro data  rw data
    ------                 -------  -------  -------
command line/config:
    ------------------------------------------------
    Total:

C:\Users\kadyr\Desktop\Robert\Cpecialno dlyf IAR\Usart\Debug\Obj: [1]
    main.o                     836       16
    startupF411RE.o             18      408
    ------------------------------------------------
    Total:                     854      424

dl7M_tln.a: [2]
    exit.o                       4
    ------------------------------------------------
    Total:                       4

dlpp7M_tl_nc.a: [3]
    ------------------------------------------------
    Total:

m7M_tls.a: [4]
    fpinit_M.o                  34
    ------------------------------------------------
    Total:                      34

rt7M_tl.a: [5]
    ABImemcpy_unaligned.o       86
    cexit.o                     10
    cmain.o                     30
    ------------------------------------------------
    Total:                     126

shb_l.a: [6]
    exit.o                      20
    unwind_debug.o                        1
    ------------------------------------------------
    Total:                      20        1

    Gaps                         7        2
    Linker created                             8'192
----------------------------------------------------
    Grand Total:             1'045      427    8'192


*******************************************************************************
*** ENTRY LIST
***

Entry                       Address   Size  Type      Object
-----                       -------   ----  ----      ------
?main                    0x800'0559         Code  Gb  cmain.o [5]
CSTACK$$Base            0x2000'0000          --   Gb  - Linker created -
CSTACK$$Limit           0x2000'2000          --   Gb  - Linker created -
DummyModule::handler()   0x800'059d    0x2  Code  Gb  startupF411RE.o [1]
Region$$Table$$Base             0x0          --   Gb  - Linker created -
Region$$Table$$Limit            0x0          --   Gb  - Linker created -
__cmain                  0x800'0559         Code  Gb  cmain.o [5]
__exit                   0x800'0589   0x14  Code  Gb  exit.o [6]
__iar_debug_exceptions   0x800'0526    0x1  Data  Gb  unwind_debug.o [6]
__iar_init_vfp           0x800'0535         Code  Gb  fpinit_M.o [4]
__iar_program_start      0x800'059f   0x10  Code  Gb  startupF411RE.o [1]
__iar_unaligned_memcpy4
                         0x800'04d1         Code  Gb  ABImemcpy_unaligned.o [5]
__iar_unaligned_memcpy8
                         0x800'04d1         Code  Gb  ABImemcpy_unaligned.o [5]
__low_level_init         0x800'0199   0x9a  Code  Gb  main.o [1]
__vector_table           0x800'0000  0x198  Data  Gb  startupF411RE.o [1]
_call_main               0x800'0565         Code  Gb  cmain.o [5]
_exit                    0x800'057d         Code  Gb  cexit.o [5]
_main                    0x800'0573         Code  Gb  cmain.o [5]
bool FieldValueBase<RCC_CFGR_SWS_Values<RCC::CFGR, (unsigned int)2, (unsigned int)2, ReadMode, RCC::RCCCFGRBase>, RCC::RCCCFGRBase, (unsigned int)1>::IsSet<ReadMode, void>()
                         0x800'02b5   0x1c  Code  Gb  main.o [1]
bool FieldValueBase<RCC_CR_HSERDY_Values<RCC::CR, (unsigned int)17, (unsigned int)1, ReadMode, RCC::RCCCRBase>, RCC::RCCCRBase, (unsigned int)1>::IsSet<ReadMode, void>()
                         0x800'0291   0x10  Code  Gb  main.o [1]
exit                     0x800'0577    0x4  Code  Gb  exit.o [2]
main                     0x800'0233   0x3e  Code  Gb  main.o [1]
void FieldValueBase<ADC1_CR1_RES_Values<ADC1::CR1, (unsigned int)24, (unsigned int)2, ReadWriteMode, ADC1::ADC1CR1Base>, ADC1::ADC1CR1Base, (unsigned int)0>::Set<ReadWriteMode, void>()
                         0x800'0435   0x10  Code  Gb  main.o [1]
void FieldValueBase<ADC1_CR1_SCAN_Values<ADC1::CR1, (unsigned int)8, (unsigned int)1, ReadWriteMode, ADC1::ADC1CR1Base>, ADC1::ADC1CR1Base, (unsigned int)1>::Set<ReadWriteMode, void>()
                         0x800'0445   0x10  Code  Gb  main.o [1]
void FieldValueBase<ADC1_CR2_ADON_Values<ADC1::CR2, (unsigned int)0, (unsigned int)1, ReadWriteMode, ADC1::ADC1CR2Base>, ADC1::ADC1CR2Base, (unsigned int)1>::Set<ReadWriteMode, void>()
                         0x800'0455   0x10  Code  Gb  main.o [1]
void FieldValueBase<ADC1_CR2_CONT_Values<ADC1::CR2, (unsigned int)1, (unsigned int)1, ReadWriteMode, ADC1::ADC1CR2Base>, ADC1::ADC1CR2Base, (unsigned int)0>::Set<ReadWriteMode, void>()
                         0x800'049d   0x10  Code  Gb  main.o [1]
void FieldValueBase<ADC1_CR2_EOCS_Values<ADC1::CR2, (unsigned int)10, (unsigned int)1, ReadWriteMode, ADC1::ADC1CR2Base>, ADC1::ADC1CR2Base, (unsigned int)1>::Set<ReadWriteMode, void>()
                         0x800'04c1   0x10  Code  Gb  main.o [1]
void FieldValueBase<ADC1_SQR1_L_Values<ADC1::SQR1, (unsigned int)20, (unsigned int)4, ReadWriteMode, ADC1::ADC1SQR1Base>, ADC1::ADC1SQR1Base, (unsigned int)2>::Set<ReadWriteMode, void>()
                         0x800'04ad   0x14  Code  Gb  main.o [1]
void FieldValueBase<ADC1_SQR3_SQ1_Values<ADC1::SQR3, (unsigned int)0, (unsigned int)5, ReadWriteMode, ADC1::ADC1SQR3Base>, ADC1::ADC1SQR3Base, (unsigned int)18>::Set<ReadWriteMode, void>()
                         0x800'0465   0x14  Code  Gb  main.o [1]
void FieldValueBase<ADC1_SQR3_SQ2_Values<ADC1::SQR3, (unsigned int)5, (unsigned int)5, ReadWriteMode, ADC1::ADC1SQR3Base>, ADC1::ADC1SQR3Base, (unsigned int)17>::Set<ReadWriteMode, void>()
                         0x800'0479   0x14  Code  Gb  main.o [1]
void FieldValueBase<ADC1_SQR3_SQ3_Values<ADC1::SQR3, (unsigned int)10, (unsigned int)5, ReadWriteMode, ADC1::ADC1SQR3Base>, ADC1::ADC1SQR3Base, (unsigned int)0>::Set<ReadWriteMode, void>()
                         0x800'048d   0x10  Code  Gb  main.o [1]
void FieldValueBase<ADC_Common_CCR_TSVREFE_Values<ADC_Common::CCR, (unsigned int)23, (unsigned int)1, ReadWriteMode, ADC_Common::ADC_CommonCCRBase>, ADC_Common::ADC_CommonCCRBase, (unsigned int)1>::Set<ReadWriteMode, void>()
                         0x800'0425   0x10  Code  Gb  main.o [1]
void FieldValueBase<GPIOA_AFRL_AFRL7_Values<GPIOA::AFRL, (unsigned int)12, (unsigned int)4, ReadWriteMode, GPIOA::GPIOAAFRLBase>, GPIOA::GPIOAAFRLBase, (unsigned int)7>::Set<ReadWriteMode, void>()
                         0x800'033d   0x14  Code  Gb  main.o [1]
void FieldValueBase<GPIOA_AFRL_AFRL7_Values<GPIOA::AFRL, (unsigned int)8, (unsigned int)4, ReadWriteMode, GPIOA::GPIOAAFRLBase>, GPIOA::GPIOAAFRLBase, (unsigned int)7>::Set<ReadWriteMode, void>()
                         0x800'0329   0x14  Code  Gb  main.o [1]
void FieldValueBase<GPIOA_MODER_MODER15_Values<GPIOA::MODER, (unsigned int)0, (unsigned int)2, ReadWriteMode, GPIOA::GPIOAMODERBase>, GPIOA::GPIOAMODERBase, (unsigned int)3>::Set<ReadWriteMode, void>()
                         0x800'02f1   0x10  Code  Gb  main.o [1]
void FieldValueBase<GPIOA_MODER_MODER15_Values<GPIOA::MODER, (unsigned int)4, (unsigned int)2, ReadWriteMode, GPIOA::GPIOAMODERBase>, GPIOA::GPIOAMODERBase, (unsigned int)2>::Set<ReadWriteMode, void>()
                         0x800'0315   0x14  Code  Gb  main.o [1]
void FieldValueBase<GPIOA_MODER_MODER15_Values<GPIOA::MODER, (unsigned int)6, (unsigned int)2, ReadWriteMode, GPIOA::GPIOAMODERBase>, GPIOA::GPIOAMODERBase, (unsigned int)2>::Set<ReadWriteMode, void>()
                         0x800'0301   0x14  Code  Gb  main.o [1]
void FieldValueBase<GPIOA_OTYPER_OT2_Values<GPIOA::OTYPER, (unsigned int)2, (unsigned int)1, ReadWriteMode, GPIOA::GPIOAOTYPERBase>, GPIOA::GPIOAOTYPERBase, (unsigned int)0>::Set<ReadWriteMode, void>()
                         0x800'0351   0x10  Code  Gb  main.o [1]
void FieldValueBase<GPIOA_OTYPER_OT3_Values<GPIOA::OTYPER, (unsigned int)3, (unsigned int)1, ReadWriteMode, GPIOA::GPIOAOTYPERBase>, GPIOA::GPIOAOTYPERBase, (unsigned int)0>::Set<ReadWriteMode, void>()
                         0x800'0361   0x10  Code  Gb  main.o [1]
void FieldValueBase<GPIOA_PUPDR_PUPDR15_Values<GPIOA::PUPDR, (unsigned int)4, (unsigned int)2, ReadWriteMode, GPIOA::GPIOAPUPDRBase>, GPIOA::GPIOAPUPDRBase, (unsigned int)1>::Set<ReadWriteMode, void>()
                         0x800'0371   0x14  Code  Gb  main.o [1]
void FieldValueBase<GPIOA_PUPDR_PUPDR15_Values<GPIOA::PUPDR, (unsigned int)6, (unsigned int)2, ReadWriteMode, GPIOA::GPIOAPUPDRBase>, GPIOA::GPIOAPUPDRBase, (unsigned int)1>::Set<ReadWriteMode, void>()
                         0x800'0385   0x14  Code  Gb  main.o [1]
void FieldValueBase<RCC_AHB1ENR_DMA2EN_Values<RCC::APB1ENR, (unsigned int)17, (unsigned int)1, ReadWriteMode, RCC::RCCAPB1ENRBase>, RCC::RCCAPB1ENRBase, (unsigned int)1>::Set<ReadWriteMode, void>()
                         0x800'03a9   0x10  Code  Gb  main.o [1]
void FieldValueBase<RCC_AHB1ENR_DMA2EN_Values<RCC::APB2ENR, (unsigned int)8, (unsigned int)1, ReadWriteMode, RCC::RCCAPB2ENRBase>, RCC::RCCAPB2ENRBase, (unsigned int)1>::Set<ReadWriteMode, void>()
                         0x800'0399   0x10  Code  Gb  main.o [1]
void FieldValueBase<RCC_AHB1ENR_GPIOAEN_Values<RCC::AHB1ENR, (unsigned int)0, (unsigned int)1, ReadWriteMode, RCC::RCCAHB1ENRBase>, RCC::RCCAHB1ENRBase, (unsigned int)1>::Set<ReadWriteMode, void>()
                         0x800'02e1   0x10  Code  Gb  main.o [1]
void FieldValueBase<RCC_CFGR_SW_Values<RCC::CFGR, (unsigned int)0, (unsigned int)2, ReadWriteMode, RCC::RCCCFGRBase>, RCC::RCCCFGRBase, (unsigned int)1>::Set<ReadWriteMode, void>()
                         0x800'02a1   0x14  Code  Gb  main.o [1]
void FieldValueBase<RCC_CR_HSEON_Values<RCC::CR, (unsigned int)16, (unsigned int)1, ReadWriteMode, RCC::RCCCRBase>, RCC::RCCCRBase, (unsigned int)1>::Set<ReadWriteMode, void>()
                         0x800'0281   0x10  Code  Gb  main.o [1]
void FieldValueBase<RCC_CR_HSION_Values<RCC::CR, (unsigned int)0, (unsigned int)1, ReadWriteMode, RCC::RCCCRBase>, RCC::RCCCRBase, (unsigned int)0>::Set<ReadWriteMode, void>()
                         0x800'02d1   0x10  Code  Gb  main.o [1]
void FieldValueBase<USART2_CR1_M_Values<USART2::CR1, (unsigned int)12, (unsigned int)1, ReadWriteMode, USART2::USART2CR1Base>, USART2::USART2CR1Base, (unsigned int)0>::Set<ReadWriteMode, void>()
                         0x800'03b9   0x10  Code  Gb  main.o [1]
void FieldValueBase<USART2_CR1_OVER8_Values<USART2::CR1, (unsigned int)15, (unsigned int)1, ReadWriteMode, USART2::USART2CR1Base>, USART2::USART2CR1Base, (unsigned int)0>::Set<ReadWriteMode, void>()
                         0x800'03d9   0x10  Code  Gb  main.o [1]
void FieldValueBase<USART2_CR1_PCE_Values<USART2::CR1, (unsigned int)10, (unsigned int)1, ReadWriteMode, USART2::USART2CR1Base>, USART2::USART2CR1Base, (unsigned int)0>::Set<ReadWriteMode, void>()
                         0x800'03c9   0x10  Code  Gb  main.o [1]
void FieldValueBase<USART2_CR1_TE_Values<USART2::CR1, (unsigned int)3, (unsigned int)1, ReadWriteMode, USART2::USART2CR1Base>, USART2::USART2CR1Base, (unsigned int)1>::Set<ReadWriteMode, void>()
                         0x800'0415   0x10  Code  Gb  main.o [1]
void FieldValueBase<USART2_CR1_UE_Values<USART2::CR1, (unsigned int)13, (unsigned int)1, ReadWriteMode, USART2::USART2CR1Base>, USART2::USART2CR1Base, (unsigned int)1>::Set<ReadWriteMode, void>()
                         0x800'0405   0x10  Code  Gb  main.o [1]
void FieldValueBase<USART2_CR2_STOP_Values<USART2::CR2, (unsigned int)12, (unsigned int)2, ReadWriteMode, USART2::USART2CR2Base>, USART2::USART2CR2Base, (unsigned int)0>::Set<ReadWriteMode, void>()
                         0x800'03e9   0x10  Code  Gb  main.o [1]
void RegisterBase<(unsigned int)1073759236, (unsigned int)32, ReadWriteMode>::Write<ReadWriteMode, void>(unsigned int)
                         0x800'0529    0xc  Code  Gb  main.o [1]
void RegisterBase<(unsigned int)1073759240, (unsigned int)32, ReadWriteMode>::Write<ReadWriteMode, void>(unsigned int)
                         0x800'03f9    0xc  Code  Gb  main.o [1]


[1] = C:\Users\kadyr\Desktop\Robert\Cpecialno dlyf IAR\Usart\Debug\Obj
[2] = dl7M_tln.a
[3] = dlpp7M_tl_nc.a
[4] = m7M_tls.a
[5] = rt7M_tl.a
[6] = shb_l.a

  1'045 bytes of readonly  code memory
    427 bytes of readonly  data memory
  8'192 bytes of readwrite data memory

Errors: none
Warnings: none
